.next/dev/types/validator.ts(98,39): error TS2306: File 'C:/Users/hassa/Desktop/Projects/ai_invoice/ledgix_ai_frontend/src/app/invoices[id]/page.tsx' is not a module.
.next/types/validator.ts(98,39): error TS2306: File 'C:/Users/hassa/Desktop/Projects/ai_invoice/ledgix_ai_frontend/src/app/invoices[id]/page.tsx' is not a module.
